// Jest Snapshot v1, https://goo.gl/fbAQLP

exports[` 1`] = `
"<div className=\\"board\\">
  <div id=\\"current-color\\" className=\\"text\\" style={{...}}>
    RED
  </div>
  <div className=\\"row\\">
    <Box color=\\"red\\" onClick={[Function: onClick]} />
    <Box color=\\"blue\\" onClick={[Function: onClick]} />
  </div>
  <div className=\\"row\\">
    <Box color=\\"green\\" onClick={[Function: onClick]} />
    <Box color=\\"yellow\\" onClick={[Function: onClick]} />
  </div>
  <div id=\\"score\\" className=\\"text\\" style={{...}}>
    Score : 
    {{ score: 0 }}
  </div>
</div>"
`;

exports[`Board should render properly 1`] = `
"<div className=\\"board\\">
  <div id=\\"current-color\\" className=\\"text\\" style={{...}}>
    RED
  </div>
  <div className=\\"row\\">
    <Box color=\\"red\\" onClick={[Function: onClick]} />
    <Box color=\\"blue\\" onClick={[Function: onClick]} />
  </div>
  <div className=\\"row\\">
    <Box color=\\"green\\" onClick={[Function: onClick]} />
    <Box color=\\"yellow\\" onClick={[Function: onClick]} />
  </div>
  <div id=\\"score\\" className=\\"text\\" style={{...}}>
    Score : 
    {{ score: 0 }}
  </div>
</div>"
`;
